CoA saved to E:\Users\Jonathan\.ck3coa\autosave.txt
Autosaved
CoA saved to E:\Users\Jonathan\.ck3coa\autosave.txt
Autosaved
CoA saved to E:\Users\Jonathan\.ck3coa\autosave.txt
Autosaved
CoA saved to E:\Users\Jonathan\.ck3coa\autosave.txt
Autosaved
